name, driver_version, memory.total [MiB], memory.free [MiB]
NVIDIA GeForce RTX 4070, 615.78.08, 12282 MiB, 10392 MiB
	libnvidia-wayland-client.so.615.78.08 (libc6,x86-64) => /usr/lib/libnvidia-wayland-client.so.615.78.08
	libnvidia-vksc-core.so.1 (libc6,x86-64) => /usr/lib/libnvidia-vksc-core.so.1
	libnvidia-vksc-core.so (libc6,x86-64) => /usr/lib/libnvidia-vksc-core.so
	libnvidia-tls.so.615.78.08 (libc6,x86-64) => /usr/lib/libnvidia-tls.so.615.78.08
	libnvidia-tls.so.615.78.08 (libc6) => /usr/lib32/libnvidia-tls.so.615.78.08
	libnvidia-tls.so (libc6,x86-64) => /usr/lib/libnvidia-tls.so
	libnvidia-tls.so (libc6) => /usr/lib32/libnvidia-tls.so
	libnvidia-tileiras.so.615.78.08 (libc6,x86-64) => /usr/lib/libnvidia-tileiras.so.615.78.08
	libnvidia-tileiras.so.615.78.08 (libc6) => /usr/lib32/libnvidia-tileiras.so.615.78.08
	libnvidia-tileiras.so (libc6,x86-64) => /usr/lib/libnvidia-tileiras.so
	libnvidia-tileiras.so (libc6) => /usr/lib32/libnvidia-tileiras.so
	libnvidia-sandboxutils.so.1 (libc6,x86-64) => /usr/lib/libnvidia-sandboxutils.so.1
	libnvidia-sandboxutils.so (libc6,x86-64) => /usr/lib/libnvidia-sandboxutils.so
	libnvidia-rtcore.so.615.78.08 (libc6,x86-64) => /usr/lib/libnvidia-rtcore.so.615.78.08
	libnvidia-rtcore.so (libc6,x86-64) => /usr/lib/libnvidia-rtcore.so
	libnvidia-ptxjitcompiler.so.1 (libc6,x86-64) => /usr/lib/libnvidia-ptxjitcompiler.so.1
	libnvidia-ptxjitcompiler.so.1 (libc6) => /usr/lib32/libnvidia-ptxjitcompiler.so.1
	libnvidia-ptxjitcompiler.so (libc6,x86-64) => /usr/lib/libnvidia-ptxjitcompiler.so
	libnvidia-ptxjitcompiler.so (libc6) => /usr/lib32/libnvidia-ptxjitcompiler.so
	libnvidia-present.so.615.78.08 (libc6,x86-64) => /usr/lib/libnvidia-present.so.615.78.08
	libnvidia-present.so (libc6,x86-64) => /usr/lib/libnvidia-present.so
	libnvidia-pkcs11.so.615.78.08 (libc6,x86-64) => /usr/lib/libnvidia-pkcs11.so.615.78.08
	libnvidia-pkcs11.so (libc6,x86-64) => /usr/lib/libnvidia-pkcs11.so
	libnvidia-pkcs11-openssl3.so.615.78.08 (libc6,x86-64) => /usr/lib/libnvidia-pkcs11-openssl3.so.615.78.08
	libnvidia-pkcs11-openssl3.so (libc6,x86-64) => /usr/lib/libnvidia-pkcs11-openssl3.so
	libnvidia-opticalflow.so.1 (libc6,x86-64) => /usr/lib/libnvidia-opticalflow.so.1
	libnvidia-opticalflow.so.1 (libc6) => /usr/lib32/libnvidia-opticalflow.so.1
	libnvidia-opticalflow.so (libc6,x86-64) => /usr/lib/libnvidia-opticalflow.so
	libnvidia-opticalflow.so (libc6) => /usr/lib32/libnvidia-opticalflow.so
	libnvidia-opencl.so.1 (libc6,x86-64) => /usr/lib/libnvidia-opencl.so.1
	libnvidia-opencl.so.1 (libc6) => /usr/lib32/libnvidia-opencl.so.1
	libnvidia-opencl.so (libc6,x86-64) => /usr/lib/libnvidia-opencl.so
	libnvidia-opencl.so (libc6) => /usr/lib32/libnvidia-opencl.so
	libnvidia-nvvm70.so.4 (libc6,x86-64) => /usr/lib/libnvidia-nvvm70.so.4
	libnvidia-nvvm70.so (libc6,x86-64) => /usr/lib/libnvidia-nvvm70.so
	libnvidia-nvvm.so.4 (libc6,x86-64) => /usr/lib/libnvidia-nvvm.so.4
	libnvidia-nvvm.so.4 (libc6) => /usr/lib32/libnvidia-nvvm.so.4
	libnvidia-nvvm.so (libc6,x86-64) => /usr/lib/libnvidia-nvvm.so
	libnvidia-nvvm.so (libc6) => /usr/lib32/libnvidia-nvvm.so
	libnvidia-ngx.so.1 (libc6,x86-64) => /usr/lib/libnvidia-ngx.so.1
	libnvidia-ngx.so (libc6,x86-64) => /usr/lib/libnvidia-ngx.so
	libnvidia-ml.so.1 (libc6,x86-64) => /usr/lib/libnvidia-ml.so.1
	libnvidia-ml.so.1 (libc6) => /usr/lib32/libnvidia-ml.so.1
	libnvidia-ml.so (libc6,x86-64) => /usr/lib/libnvidia-ml.so
	libnvidia-ml.so (libc6) => /usr/lib32/libnvidia-ml.so
	libnvidia-imex.so.1 (libc6,x86-64) => /usr/lib/libnvidia-imex.so.1
	libnvidia-imex.so (libc6,x86-64) => /usr/lib/libnvidia-imex.so
	libnvidia-gtk3.so.615.78.08 (libc6,x86-64) => /usr/lib/libnvidia-gtk3.so.615.78.08
	libnvidia-gpucomp.so.615.78.08 (libc6,x86-64) => /usr/lib/libnvidia-gpucomp.so.615.78.08
	libnvidia-gpucomp.so.615.78.08 (libc6) => /usr/lib32/libnvidia-gpucomp.so.615.78.08
	libnvidia-gpucomp.so (libc6,x86-64) => /usr/lib/libnvidia-gpucomp.so
	libnvidia-gpucomp.so (libc6) => /usr/lib32/libnvidia-gpucomp.so
	libnvidia-glvkspirv.so.615.78.08 (libc6,x86-64) => /usr/lib/libnvidia-glvkspirv.so.615.78.08
	libnvidia-glvkspirv.so.615.78.08 (libc6) => /usr/lib32/libnvidia-glvkspirv.so.615.78.08
	libnvidia-glvkspirv.so (libc6,x86-64) => /usr/lib/libnvidia-glvkspirv.so
	libnvidia-glvkspirv.so (libc6) => /usr/lib32/libnvidia-glvkspirv.so
	libnvidia-glsi.so.615.78.08 (libc6,x86-64) => /usr/lib/libnvidia-glsi.so.615.78.08
	libnvidia-glsi.so.615.78.08 (libc6) => /usr/lib32/libnvidia-glsi.so.615.78.08
	libnvidia-glsi.so (libc6,x86-64) => /usr/lib/libnvidia-glsi.so
	libnvidia-glsi.so (libc6) => /usr/lib32/libnvidia-glsi.so
	libnvidia-glcore.so.615.78.08 (libc6,x86-64) => /usr/lib/libnvidia-glcore.so.615.78.08
	libnvidia-glcore.so.615.78.08 (libc6) => /usr/lib32/libnvidia-glcore.so.615.78.08
	libnvidia-glcore.so (libc6,x86-64) => /usr/lib/libnvidia-glcore.so
	libnvidia-glcore.so (libc6) => /usr/lib32/libnvidia-glcore.so
	libnvidia-fmdrv.so.1 (libc6,x86-64) => /usr/lib/libnvidia-fmdrv.so.1
	libnvidia-fmdrv.so (libc6,x86-64) => /usr/lib/libnvidia-fmdrv.so
	libnvidia-fbc.so.1 (libc6,x86-64) => /usr/lib/libnvidia-fbc.so.1
	libnvidia-fbc.so.1 (libc6) => /usr/lib32/libnvidia-fbc.so.1
	libnvidia-fbc.so (libc6,x86-64) => /usr/lib/libnvidia-fbc.so
	libnvidia-fbc.so (libc6) => /usr/lib32/libnvidia-fbc.so
	libnvidia-encode.so.1 (libc6,x86-64) => /usr/lib/libnvidia-encode.so.1
	libnvidia-encode.so.1 (libc6) => /usr/lib32/libnvidia-encode.so.1
	libnvidia-encode.so (libc6,x86-64) => /usr/lib/libnvidia-encode.so
	libnvidia-encode.so (libc6) => /usr/lib32/libnvidia-encode.so
	libnvidia-eglcore.so.615.78.08 (libc6,x86-64) => /usr/lib/libnvidia-eglcore.so.615.78.08
	libnvidia-eglcore.so.615.78.08 (libc6) => /usr/lib32/libnvidia-eglcore.so.615.78.08
	libnvidia-eglcore.so (libc6,x86-64) => /usr/lib/libnvidia-eglcore.so
	libnvidia-eglcore.so (libc6) => /usr/lib32/libnvidia-eglcore.so
	libnvidia-egl-xlib.so.1 (libc6,x86-64) => /usr/lib/libnvidia-egl-xlib.so.1
	libnvidia-egl-xlib.so (libc6,x86-64) => /usr/lib/libnvidia-egl-xlib.so
	libnvidia-egl-xcb.so.1 (libc6,x86-64) => /usr/lib/libnvidia-egl-xcb.so.1
	libnvidia-egl-xcb.so (libc6,x86-64) => /usr/lib/libnvidia-egl-xcb.so
	libnvidia-egl-wayland2.so.1 (libc6,x86-64) => /usr/lib/libnvidia-egl-wayland2.so.1
	libnvidia-egl-wayland2.so (libc6,x86-64) => /usr/lib/libnvidia-egl-wayland2.so
	libnvidia-egl-wayland.so.1 (libc6,x86-64) => /usr/lib/libnvidia-egl-wayland.so.1
	libnvidia-egl-wayland.so (libc6,x86-64) => /usr/lib/libnvidia-egl-wayland.so
	libnvidia-egl-gbm.so.1 (libc6,x86-64) => /usr/lib/libnvidia-egl-gbm.so.1
	libnvidia-egl-gbm.so (libc6,x86-64) => /usr/lib/libnvidia-egl-gbm.so
	libnvidia-cfg.so.1 (libc6,x86-64) => /usr/lib/libnvidia-cfg.so.1
	libnvidia-cfg.so (libc6,x86-64) => /usr/lib/libnvidia-cfg.so
	libnvidia-api.so.1 (libc6,x86-64) => /usr/lib/libnvidia-api.so.1
	libnvidia-api.so (libc6,x86-64) => /usr/lib/libnvidia-api.so
	libnvidia-allocator.so.1 (libc6,x86-64) => /usr/lib/libnvidia-allocator.so.1
	libnvidia-allocator.so.1 (libc6) => /usr/lib32/libnvidia-allocator.so.1
	libnvidia-allocator.so (libc6,x86-64) => /usr/lib/libnvidia-allocator.so
	libnvidia-allocator.so (libc6) => /usr/lib32/libnvidia-allocator.so
	libcuda.so.1 (libc6,x86-64) => /usr/lib/libcuda.so.1
	libcuda.so.1 (libc6) => /usr/lib32/libcuda.so.1
	libcuda.so (libc6,x86-64) => /usr/lib/libcuda.so
	libcuda.so (libc6) => /usr/lib32/libcuda.so
  File: /home/sh4869/.cache/yakuori/models/Index-Translate-2B.Q4_K_M.gguf
  Size: 1312164352	Blocks: 2562824    IO Block: 4096   regular file
Device: 0,52	Inode: 77385676    Links: 1
Access: (0644/-rw-r--r--)  Uid: ( 1000/  sh4869)   Gid: ( 1000/  sh4869)
Access: 2026-10-10 12:18:35.107976253 +0900
Modify: 2026-10-10 12:20:04.504158370 +0900
Change: 2026-10-10 12:20:04.504158370 +0900
 Birth: 2026-10-10 12:18:35.107976253 +0900
